################################################################################
#                                                                              #
#      IAR Universal Linker V6.5.4.100                                         #
#                                                                              #
#           Link time     =  24/Sep/2020  15:54:58                             #
#           Target CPU    =  MSP430                                            #
#           List file     =  "C:\Users\19196\OneDrive\Documents\ECE 306 curren #
#                            t\Homework_06\Debug\List\Homework_06.map"         #
#           Output file 1 =  "C:\Users\19196\OneDrive\Documents\ECE 306 curren #
#                            t\Homework_06\Debug\Exe\Homework_06.d43"          #
#                            Format: ubrof10                                   #
#                            UBROF version 10.0.6                              #
#                            Using library modules for C-SPY (-rt)             #
#           Command line  =  -f C:\Users\19196\AppData\Local\Temp\EWF107.tmp   #
#                            ("C:\Users\19196\OneDrive\Documents\ECE 306 curre #
#                            nt\Homework_06\Debug\Obj\adc.r43"                 #
#                            "C:\Users\19196\OneDrive\Documents\ECE 306 curren #
#                            t\Homework_06\Debug\Obj\clocks.r43"               #
#                            "C:\Users\19196\OneDrive\Documents\ECE 306 curren #
#                            t\Homework_06\Debug\Obj\DAC.r43"                  #
#                            "C:\Users\19196\OneDrive\Documents\ECE 306 curren #
#                            t\Homework_06\Debug\Obj\init.r43"                 #
#                            "C:\Users\19196\OneDrive\Documents\ECE 306 curren #
#                            t\Homework_06\Debug\Obj\interrupt_ports.r43"      #
#                            "C:\Users\19196\OneDrive\Documents\ECE 306 curren #
#                            t\Homework_06\Debug\Obj\interrupt_timers.r43"     #
#                            "C:\Users\19196\OneDrive\Documents\ECE 306 curren #
#                            t\Homework_06\Debug\Obj\interrupts_adc.r43"       #
#                            "C:\Users\19196\OneDrive\Documents\ECE 306 curren #
#                            t\Homework_06\Debug\Obj\LCD.r43"                  #
#                            "C:\Users\19196\OneDrive\Documents\ECE 306 curren #
#                            t\Homework_06\Debug\Obj\led.r43"                  #
#                            "C:\Users\19196\OneDrive\Documents\ECE 306 curren #
#                            t\Homework_06\Debug\Obj\main.r43"                 #
#                            "C:\Users\19196\OneDrive\Documents\ECE 306 curren #
#                            t\Homework_06\Debug\Obj\ports.r43"                #
#                            "C:\Users\19196\OneDrive\Documents\ECE 306 curren #
#                            t\Homework_06\Debug\Obj\system.r43"               #
#                            "C:\Users\19196\OneDrive\Documents\ECE 306 curren #
#                            t\Homework_06\Debug\Obj\timers.r43"               #
#                            "C:\Users\19196\OneDrive\Documents\ECE 306 curren #
#                            t\Homework_06\Debug\Obj\wheels.r43"               #
#                            -o                                                #
#                            "C:\Users\19196\OneDrive\Documents\ECE 306 curren #
#                            t\Homework_06\Debug\Exe\Homework_06.d43"          #
#                            -l                                                #
#                            "C:\Users\19196\OneDrive\Documents\ECE 306 curren #
#                            t\Homework_06\Debug\List\Homework_06.map"         #
#                            -xmsni                                            #
#                            "-IC:\Program Files (x86)\IAR Systems\Embedded Wo #
#                            rkbench 8.4\430\LIB\"                             #
#                            -f                                                #
#                            "C:\Program Files (x86)\IAR Systems\Embedded Work #
#                            bench 8.4\430\config\linker\lnk430fr2355.xcl"     #
#                            (-cmsp430 -QCODE_I=CODE_ID -QTLS16_I=TLS16_ID     #
#                            -D__iar_HWMUL=4C0 -Z(CONST)INFO=1800-19FF         #
#                            -Z(DATA)TINYRAM=0006-001F                         #
#                            -Z(DATA)DATA16_I,DATA16_Z,DATA16_N,TLS16_I=2000-2 #
#                            FFF                                               #
#                            -Z(DATA)CODE_I                                    #
#                            -Z(DATA)DATA20_I,DATA20_Z,DATA20_N                #
#                            -Z(DATA)CSTACK+_STACK_SIZE#                       #
#                            -Z(CONST)FRWP_B1,DATA16_P,DATA20_P=8000-FF7F      #
#                            -Z(DATA)DATA16_HEAP+_DATA16_HEAP_SIZE,DATA20_HEAP #
#                            +_DATA20_HEAP_SIZE,FRWP_B2                        #
#                            -Z(CONST)DATA16_C,DATA16_ID,TLS16_ID,DIFUNCT,CHEC #
#                            KSUM=8000-FF7F                                    #
#                            -Z(CONST)DATA20_C,DATA20_ID                       #
#                            -Z(CODE)CSTART,ISR_CODE,CODE_ID=8000-FF7F         #
#                            -P(CODE)CODE,CODE16=8000-FF7F                     #
#                            -Z(CONST)BSLCONFIGURATIONSIGNATURE=FF88-FF89      #
#                            -Z(CONST)BSLCONFIGURATION=FF8A-FF8B               #
#                            -Z(CONST)BSLI2CADDRESS=FFA0-FFA1                  #
#                            -Z(CONST)JTAGSIGNATURE=FF80-FF83                  #
#                            -Z(CONST)BSLSIGNATURE=FF84-FF87                   #
#                            -Z(CODE)INTVEC=FFA2-FFFF                          #
#                            -Z(CODE)RESET=FFFE-FFFF) -f                       #
#                            "C:\Program Files (x86)\IAR Systems\Embedded Work #
#                            bench 8.4\430\config\linker\multiplier32.xcl"     #
#                            (-e?Mul8Hw=?Mul8 -e?Mul16Hw=?Mul16                #
#                            -e?Mul16to32uHw=?Mul16to32u                       #
#                            -e?Mul16to32sHw=?Mul16to32s -e?Mul32Hw32=?Mul32   #
#                            -e?Mul64Hw32=_Mul64i                              #
#                            -e?Mul32u32uto64iHw32=_Mul32u32uto64i             #
#                            -e?Mul32fHw32=_Mul32f                             #
#                            -e_Mul64fHw32Ptr=_Mul64fPtr) -D_STACK_SIZE=A0     #
#                            -rt                                               #
#                            "C:\Program Files (x86)\IAR Systems\Embedded Work #
#                            bench 8.4\430\lib\dlib\dl430xlsfn.r43"            #
#                            -e_PrintfLarge=_Printf -e_ScanfLarge=_Scanf       #
#                            -D_DATA16_HEAP_SIZE=A0 -s __program_start         #
#                            -D_DATA20_HEAP_SIZE=50 --enable_stack_usage)      #
#                                                                              #
#                           Copyright (C) 1987-2018 IAR Systems AB.            #
################################################################################





                ****************************************
                *                                      *
                *           CROSS REFERENCE            *
                *                                      *
                ****************************************

       Program entry at :           8066  Relocatable, from module : ?cstart




                ****************************************
                *                                      *
                *            RUNTIME MODEL             *
                *                                      *
                ****************************************

  __Heap_Handler             = Basic
  __SystemLibrary            = DLib
  __code_model               = large
  __core                     = 430X
  __data_model               = small
  __dlib_file_descriptor     = 0
  __dlib_full_locale_support = 0
  __double_size              = 32
  __pic                      = no
  __reg_r4                   = free
  __reg_r5                   = free
  __rt_version               = 3

                ****************************************
                *                                      *
                *    AUTOMATIC SYMBOL REDIRECTIONS     *
                *                                      *
                ****************************************

                  There are no automatic symbol redirections.



                ****************************************
                *                                      *
                *              MODULE MAP              *
                *                                      *
                ****************************************


  DEFINED ABSOLUTE ENTRIES
    *************************************************************************

  DEFINED ABSOLUTE ENTRIES
  PROGRAM MODULE, NAME : ?ABS_ENTRY_MOD

Absolute parts
           ENTRY                   ADDRESS         REF BY
           =====                   =======         ======
           _DATA20_HEAP_SIZE       0050 
           _DATA16_HEAP_SIZE       00A0 
           _STACK_SIZE             00A0 
           __iar_HWMUL             04C0            convert_to_mA (interrupts_adc)
    *************************************************************************

  FILE NAME : C:\Users\19196\OneDrive\Documents\ECE 306 current\Homework_06\Debug\Obj\adc.r43
  PROGRAM MODULE, NAME : adc

  SEGMENTS IN THE MODULE
  ======================
DATA16_AN
  Relative segment, address: 0700 - 0701 (0x2 bytes), align: 0
  Segment part 1. ROOT        Intra module refs:   ADC_ISR (interrupts_adc)
                                                   Init_ADC
           ENTRY                   ADDRESS         REF BY
           =====                   =======         ======
           _A_ADCCTL0_L            0700 
           LOCAL                   ADDRESS         
           =====                   =======         
           ADCCTL0                 0700 
           ADCCTL0_H               0701 
           ADCCTL0_L               0700 
    -------------------------------------------------------------------------
DATA16_AN
  Relative segment, address: 0702 - 0703 (0x2 bytes), align: 0
  Segment part 2. ROOT        Intra module refs:   Init_ADC
           ENTRY                   ADDRESS         REF BY
           =====                   =======         ======
           _A_ADCCTL1_L            0702 
           LOCAL                   ADDRESS         
           =====                   =======         
           ADCCTL1                 0702 
           ADCCTL1_H               0703 
           ADCCTL1_L               0702 
    -------------------------------------------------------------------------
DATA16_AN
  Relative segment, address: 0704 - 0705 (0x2 bytes), align: 0
  Segment part 3. ROOT        Intra module refs:   Init_ADC
           ENTRY                   ADDRESS         REF BY
           =====                   =======         ======
           _A_ADCCTL2_L            0704 
           LOCAL                   ADDRESS         
           =====                   =======         
           ADCCTL2                 0704 
           ADCCTL2_H               0705 
           ADCCTL2_L               0704 
    -------------------------------------------------------------------------
DATA16_AN
  Relative segment, address: 070A - 070B (0x2 bytes), align: 0
  Segment part 4. ROOT        Intra module refs:   ADC_ISR (interrupts_adc)
                                                   Init_ADC
           ENTRY                   ADDRESS         REF BY
           =====                   =======         ======
           _A_ADCMCTL0_L           070A 
           LOCAL                   ADDRESS         
           =====                   =======         
           ADCMCTL0                070A 
           ADCMCTL0_H              070B 
           ADCMCTL0_L              070A 
    -------------------------------------------------------------------------
DATA16_AN
  Relative segment, address: 071A - 071B (0x2 bytes), align: 0
  Segment part 5. ROOT        Intra module refs:   Init_ADC
           ENTRY                   ADDRESS         REF BY
           =====                   =======         ======
           _A_ADCIE_L              071A 
           LOCAL                   ADDRESS         
           =====                   =======         
           ADCIE                   071A 
           ADCIE_H                 071B 
           ADCIE_L                 071A 
    -------------------------------------------------------------------------
DATA16_Z
  Relative segment, address: 2002 - 2003 (0x2 bytes), align: 1
  Segment part 7.
           ENTRY                   ADDRESS         REF BY
           =====                   =======         ======
           ADC_Right_Detector      2002            ADC_ISR (interrupts_adc)
    -------------------------------------------------------------------------
DATA16_Z
  Relative segment, address: 2004 - 2005 (0x2 bytes), align: 1
  Segment part 8.
           ENTRY                   ADDRESS         REF BY
           =====                   =======         ======
           ADC_Left_Detector       2004            ADC_ISR (interrupts_adc)
    -------------------------------------------------------------------------
DATA16_Z
  Relative segment, address: 2006 - 2007 (0x2 bytes), align: 1
  Segment part 9.
           ENTRY                   ADDRESS         REF BY
           =====                   =======         ======
           ADC_Thumb               2006            ADC_ISR (interrupts_adc)
    -------------------------------------------------------------------------
DATA16_Z
  Relative segment, address: 2008 - 2019 (0x12 bytes), align: 1
  Segment part 10.
           ENTRY                   ADDRESS         REF BY
           =====                   =======         ======
           ADC_3_3                 2008            ADC_ISR (interrupts_adc)
    -------------------------------------------------------------------------
DATA16_Z
  Segment part 11. NOT NEEDED.
           ENTRY                   ADDRESS         REF BY
           =====                   =======         ======
           ADC_Bat_mA              
    -------------------------------------------------------------------------
DATA16_Z
  Relative segment, address: 201A - 201D (0x4 bytes), align: 1
  Segment part 12.
           ENTRY                   ADDRESS         REF BY
           =====                   =======         ======
           ADC_3_3_mA              201A            convert_to_mA (interrupts_adc)
    -------------------------------------------------------------------------
DATA16_Z
  Segment part 13. NOT NEEDED.
           ENTRY                   ADDRESS         REF BY
           =====                   =======         ======
           ADC_Temp                
    -------------------------------------------------------------------------
DATA16_Z
  Relative segment, address: 201E - 202F (0x12 bytes), align: 1
  Segment part 14.
           ENTRY                   ADDRESS         REF BY
           =====                   =======         ======
           ADC_Bat                 201E            ADC_ISR (interrupts_adc)
    -------------------------------------------------------------------------
DATA16_Z
  Relative segment, address: 204E - 204E (0x1 bytes), align: 0
  Segment part 15.
           ENTRY                   ADDRESS         REF BY
           =====                   =======         ======
           ADC_Channel             204E            ADC_ISR (interrupts_adc)
    -------------------------------------------------------------------------
DATA16_Z
  Relative segment, address: 2030 - 2031 (0x2 bytes), align: 1
  Segment part 16.            Intra module refs:   Init_ADC
           ENTRY                   ADDRESS         REF BY
           =====                   =======         ======
           average_index           2030            ADC_ISR (interrupts_adc)
    -------------------------------------------------------------------------
DATA16_Z
  Relative segment, address: 204F - 2052 (0x4 bytes), align: 0
  Segment part 17.            Intra module refs:   HEXtoBCD
                                                   adc_line4
                                                   add_decimal
           ENTRY                   ADDRESS         REF BY
           =====                   =======         ======
           adc_char                204F 
    -------------------------------------------------------------------------
<CODE> 1 (was CODE)
  Relative segment, address: 8A6A - 8ADD (0x74 bytes), align: 1
  Segment part 18.
           ENTRY                   ADDRESS         REF BY
           =====                   =======         ======
           Init_ADC                8A6A            main (main)
    -------------------------------------------------------------------------
CODE
  Segment part 19. NOT NEEDED.
           ENTRY                   ADDRESS         REF BY
           =====                   =======         ======
           ADC_Process             
    -------------------------------------------------------------------------
<CODE> 1 (was CODE)
  Relative segment, address: 8966 - 89E7 (0x82 bytes), align: 1
  Segment part 20.
           ENTRY                   ADDRESS         REF BY
           =====                   =======         ======
           HEXtoBCD                8966            ADC_ISR (interrupts_adc)
    -------------------------------------------------------------------------
<CODE> 1 (was CODE)
  Relative segment, address: 8EC0 - 8ED3 (0x14 bytes), align: 1
  Segment part 21.
           ENTRY                   ADDRESS         REF BY
           =====                   =======         ======
           add_decimal             8EC0            ADC_ISR (interrupts_adc)
    -------------------------------------------------------------------------
CODE
  Segment part 22. NOT NEEDED.
           ENTRY                   ADDRESS         REF BY
           =====                   =======         ======
           adc_line1               
    -------------------------------------------------------------------------
CODE
  Segment part 23. NOT NEEDED.
           ENTRY                   ADDRESS         REF BY
           =====                   =======         ======
           adc_line2               
    -------------------------------------------------------------------------
CODE
  Segment part 24. NOT NEEDED.
           ENTRY                   ADDRESS         REF BY
           =====                   =======         ======
           adc_line3               
    -------------------------------------------------------------------------
<CODE> 1 (was CODE)
  Relative segment, address: 8DCE - 8DEB (0x1e bytes), align: 1
  Segment part 25.
           ENTRY                   ADDRESS         REF BY
           =====                   =======         ======
           adc_line4               8DCE            ADC_ISR (interrupts_adc)
    -------------------------------------------------------------------------
CSTACK
  Segment part 6. NOT NEEDED.
    -------------------------------------------------------------------------
CODE
  Segment part 26. NOT NEEDED.
           ENTRY                   ADDRESS         REF BY
           =====                   =======         ======
           ?setjmp_save_r4         
    -------------------------------------------------------------------------
CODE
  Segment part 27. NOT NEEDED.
           ENTRY                   ADDRESS         REF BY
           =====                   =======         ======
           ?setjmp_save_r5         

    *************************************************************************

  FILE NAME : C:\Users\19196\OneDrive\Documents\ECE 306 current\Homework_06\Debug\Obj\clocks.r43
  PROGRAM MODULE, NAME : clocks

  SEGMENTS IN THE MODULE
  ======================
DATA16_AN
  Relative segment, address: 0180 - 0181 (0x2 bytes), align: 0
  Segment part 1. ROOT        Intra module refs:   Software_Trim
           ENTRY                   ADDRESS         REF BY
           =====                   =======         ======
           _A_CSCTL0_L             0180 
           LOCAL                   ADDRESS         
           =====                   =======         
           CSCTL0                  0180 
           CSCTL0_H                0181 
           CSCTL0_L                0180 
    -------------------------------------------------------------------------
DATA16_AN
  Relative segment, address: 0182 - 0183 (0x2 bytes), align: 0
  Segment part 2. ROOT        Intra module refs:   Init_Clocks
                                                   Software_Trim
           ENTRY                   ADDRESS         REF BY
           =====                   =======         ======
           _A_CSCTL1_L             0182 
           LOCAL                   ADDRESS         
           =====                   =======         
           CSCTL1                  0182 
           CSCTL1_H                0183 
           CSCTL1_L                0182 
    -------------------------------------------------------------------------
DATA16_AN
  Relative segment, address: 0184 - 0185 (0x2 bytes), align: 0
  Segment part 3. ROOT        Intra module refs:   Init_Clocks
           ENTRY                   ADDRESS         REF BY
           =====                   =======         ======
           _A_CSCTL2_L             0184 
           LOCAL                   ADDRESS         
           =====                   =======         
           CSCTL2                  0184 
           CSCTL2_H                0185 
           CSCTL2_L                0184 
    -------------------------------------------------------------------------
DATA16_AN
  Relative segment, address: 0186 - 0187 (0x2 bytes), align: 0
  Segment part 4. ROOT        Intra module refs:   Init_Clocks
           ENTRY                   ADDRESS         REF BY
           =====                   =======         ======
           _A_CSCTL3_L             0186 
           LOCAL                   ADDRESS         
           =====                   =======         
           CSCTL3                  0186 
           CSCTL3_H                0187 
           CSCTL3_L                0186 
    -------------------------------------------------------------------------
DATA16_AN
  Relative segment, address: 0188 - 0189 (0x2 bytes), align: 0
  Segment part 5. ROOT        Intra module refs:   Init_Clocks
           ENTRY                   ADDRESS         REF BY
           =====                   =======         ======
           _A_CSCTL4_L             0188 
           LOCAL                   ADDRESS         
           =====                   =======         
           CSCTL4                  0188 
           CSCTL4_H                0189 
           CSCTL4_L                0188 
    -------------------------------------------------------------------------
DATA16_AN
  Relative segment, address: 018A - 018B (0x2 bytes), align: 0
  Segment part 6. ROOT        Intra module refs:   Init_Clocks
           ENTRY                   ADDRESS         REF BY
           =====                   =======         ======
           _A_CSCTL5_L             018A 
           LOCAL                   ADDRESS         
           =====                   =======         
           CSCTL5                  018A 
           CSCTL5_H                018B 
           CSCTL5_L                018A 
    -------------------------------------------------------------------------
DATA16_AN
  Relative segment, address: 018E - 018F (0x2 bytes), align: 0
  Segment part 7. ROOT        Intra module refs:   Init_Clocks
                                                   Software_Trim
           ENTRY                   ADDRESS         REF BY
           =====                   =======         ======
           _A_CSCTL7_L             018E 
           LOCAL                   ADDRESS         
           =====                   =======         
           CSCTL7                  018E 
           CSCTL7_H                018F 
           CSCTL7_L                018E 
    -------------------------------------------------------------------------
DATA16_AN
  Relative segment, address: 0130 - 0131 (0x2 bytes), align: 0
  Segment part 8. ROOT        Intra module refs:   Init_Clocks
                                                   main (main)
           ENTRY                   ADDRESS         REF BY
           =====                   =======         ======
           _A_PM5CTL0_L            0130 
           LOCAL                   ADDRESS         
           =====                   =======         
           PM5CTL0                 0130 
           PM5CTL0_H               0131 
           PM5CTL0_L               0130 
    -------------------------------------------------------------------------
DATA16_AN
  Relative segment, address: 0102 - 0103 (0x2 bytes), align: 0
  Segment part 9. ROOT        Intra module refs:   Init_Clocks
           ENTRY                   ADDRESS         REF BY
           =====                   =======         ======
           _A_SFRIFG1_L            0102 
           LOCAL                   ADDRESS         
           =====                   =======         
           SFRIFG1                 0102 
           SFRIFG1_H               0103 
           SFRIFG1_L               0102 
    -------------------------------------------------------------------------
DATA16_AN
  Relative segment, address: 01CC - 01CD (0x2 bytes), align: 0
  Segment part 10. ROOT       Intra module refs:   Init_Clocks
           ENTRY                   ADDRESS         REF BY
           =====                   =======         ======
           _A_WDTCTL_L             01CC 
           LOCAL                   ADDRESS         
           =====                   =======         
           WDTCTL                  01CC 
           WDTCTL_H                01CD 
           WDTCTL_L                01CC 
    -------------------------------------------------------------------------
<CODE> 1 (was CODE)
  Relative segment, address: 8ADE - 8B43 (0x66 bytes), align: 1
  Segment part 13.
           ENTRY                   ADDRESS         REF BY
           =====                   =======         ======
           Init_Clocks             8ADE            main (main)
               calls direct
    -------------------------------------------------------------------------
<CODE> 1 (was CODE)
  Relative segment, address: 85D0 - 86A9 (0xda bytes), align: 1
  Segment part 12.            Intra module refs:   Init_Clocks
           ENTRY                   ADDRESS         REF BY
           =====                   =======         ======
           Software_Trim           85D0 
    -------------------------------------------------------------------------
CSTACK
  Segment part 11. NOT NEEDED.
    -------------------------------------------------------------------------
CODE
  Segment part 14. TENTATIVE. Used definition from adc
           ENTRY                   ADDRESS         REF BY
           =====                   =======         ======
           ?setjmp_save_r4         
    -------------------------------------------------------------------------
CODE
  Segment part 15. TENTATIVE. Used definition from adc
           ENTRY                   ADDRESS         REF BY
           =====                   =======         ======
           ?setjmp_save_r5         

    *************************************************************************

  FILE NAME : C:\Users\19196\OneDrive\Documents\ECE 306 current\Homework_06\Debug\Obj\DAC.r43
  PROGRAM MODULE, NAME : DAC

  SEGMENTS IN THE MODULE
  ======================
DATA16_AN
  Relative segment, address: 0120 - 0121 (0x2 bytes), align: 0
  Segment part 1. ROOT        Intra module refs:   Init_DAC
           ENTRY                   ADDRESS         REF BY
           =====                   =======         ======
           _A_PMMCTL0_L            0120 
           LOCAL                   ADDRESS         
           =====                   =======         
           PMMCTL0                 0120 
           PMMCTL0_H               0121 
           PMMCTL0_L               0120 
    -------------------------------------------------------------------------
DATA16_AN
  Relative segment, address: 0124 - 0125 (0x2 bytes), align: 0
  Segment part 2. ROOT        Intra module refs:   Init_DAC
           ENTRY                   ADDRESS         REF BY
           =====                   =======         ======
           _A_PMMCTL2_L            0124 
           LOCAL                   ADDRESS         
           =====                   =======         
           PMMCTL2                 0124 
           PMMCTL2_H               0125 
           PMMCTL2_L               0124 
    -------------------------------------------------------------------------
DATA16_AN
  Relative segment, address: 0C8A - 0C8B (0x2 bytes), align: 0
  Segment part 3. ROOT        Intra module refs:   SAC3_ISR
           ENTRY                   ADDRESS         REF BY
           =====                   =======         ======
           _A_SAC0IV_L             0C8A 
           LOCAL                   ADDRESS         
           =====                   =======         
           SAC0IV                  0C8A 
           SAC0IV_H                0C8B 
           SAC0IV_L                0C8A 
    -------------------------------------------------------------------------
DATA16_AN
  Relative segment, address: 0CB0 - 0CB1 (0x2 bytes), align: 0
  Segment part 4. ROOT        Intra module refs:   Init_DAC
           ENTRY                   ADDRESS         REF BY
           =====                   =======         ======
           _A_SAC3OA_L             0CB0 
           LOCAL                   ADDRESS         
           =====                   =======         
           SAC3OA                  0CB0 
           SAC3OA_H                0CB1 
           SAC3OA_L                0CB0 
    -------------------------------------------------------------------------
DATA16_AN
  Relative segment, address: 0CB2 - 0CB3 (0x2 bytes), align: 0
  Segment part 5. ROOT        Intra module refs:   Init_DAC
           ENTRY                   ADDRESS         REF BY
           =====                   =======         ======
           _A_SAC3PGA_L            0CB2 
           LOCAL                   ADDRESS         
           =====                   =======         
           SAC3PGA                 0CB2 
           SAC3PGA_H               0CB3 
           SAC3PGA_L               0CB2 
    -------------------------------------------------------------------------
DATA16_AN
  Relative segment, address: 0CB4 - 0CB5 (0x2 bytes), align: 0
  Segment part 6. ROOT        Intra module refs:   Init_DAC
           ENTRY                   ADDRESS         REF BY
           =====                   =======         ======
           _A_SAC3DAC_L            0CB4 
           LOCAL                   ADDRESS         
           =====                   =======         
           SAC3DAC                 0CB4 
           SAC3DAC_H               0CB5 
           SAC3DAC_L               0CB4 
    -------------------------------------------------------------------------
DATA16_AN
  Relative segment, address: 0CB6 - 0CB7 (0x2 bytes), align: 0
  Segment part 7. ROOT        Intra module refs:   Init_DAC
           ENTRY                   ADDRESS         REF BY
           =====                   =======         ======
           _A_SAC3DAT_L            0CB6 
           LOCAL                   ADDRESS         
           =====                   =======         
           SAC3DAT                 0CB6 
           SAC3DAT_H               0CB7 
           SAC3DAT_L               0CB6 
    -------------------------------------------------------------------------
DATA16_Z
  Relative segment, address: 2032 - 2033 (0x2 bytes), align: 1
  Segment part 10.            Intra module refs:   Init_DAC
           ENTRY                   ADDRESS         REF BY
           =====                   =======         ======
           DAC_data                2032 
    -------------------------------------------------------------------------
<CODE> 1 (was CODE)
  Relative segment, address: 8B44 - 8BA3 (0x60 bytes), align: 1
  Segment part 11.
           ENTRY                   ADDRESS         REF BY
           =====                   =======         ======
           Init_DAC                8B44            main (main)
    -------------------------------------------------------------------------
ISR_CODE
  Relative segment, address: 808E - 809F (0x12 bytes), align: 1
  Segment part 12.            Intra module refs:   SAC3_ISR::??INTVEC 52
           ENTRY                   ADDRESS         REF BY
           =====                   =======         ======
           SAC3_ISR                808E 
               interrupt function
    -------------------------------------------------------------------------
INTVEC
  Common segment, address: FFA2 - FFD7 (0x36 bytes), align: 1
  Segment part 8. ROOT 
           ENTRY                   ADDRESS         REF BY
           =====                   =======         ======
           SAC3_ISR::??INTVEC 52   FFD6 
    -------------------------------------------------------------------------
CSTACK
  Segment part 9. NOT NEEDED.
    -------------------------------------------------------------------------
CODE
  Segment part 13. TENTATIVE. Used definition from adc
           ENTRY                   ADDRESS         REF BY
           =====                   =======         ======
           ?setjmp_save_r4         
    -------------------------------------------------------------------------
CODE
  Segment part 14. TENTATIVE. Used definition from adc
           ENTRY                   ADDRESS         REF BY
           =====                   =======         ======
           ?setjmp_save_r5         

    *************************************************************************

  FILE NAME : C:\Users\19196\OneDrive\Documents\ECE 306 current\Homework_06\Debug\Obj\init.r43
  PROGRAM MODULE, NAME : init

  SEGMENTS IN THE MODULE
  ======================
<CODE> 1 (was CODE)
  Relative segment, address: 8BA4 - 8C01 (0x5e bytes), align: 1
  Segment part 2.
           ENTRY                   ADDRESS         REF BY
           =====                   =======         ======
           Init_Conditions         8BA4            main (main)
               calls direct
    -------------------------------------------------------------------------
CSTACK
  Segment part 1. NOT NEEDED.
    -------------------------------------------------------------------------
CODE
  Segment part 3. TENTATIVE. Used definition from adc
           ENTRY                   ADDRESS         REF BY
           =====                   =======         ======
           ?setjmp_save_r4         
    -------------------------------------------------------------------------
CODE
  Segment part 4. TENTATIVE. Used definition from adc
           ENTRY                   ADDRESS         REF BY
           =====                   =======         ======
           ?setjmp_save_r5         

    *************************************************************************

  FILE NAME : C:\Users\19196\OneDrive\Documents\ECE 306 current\Homework_06\Debug\Obj\interrupt_ports.r43
  PROGRAM MODULE, NAME : interrupt_ports

  SEGMENTS IN THE MODULE
  ======================
DATA16_AN
  Relative segment, address: 021A - 021B (0x2 bytes), align: 0
  Segment part 1. ROOT        Intra module refs:   Init_Port_2 (ports)
                                                   TIMER0_B1_ISR (interrupt_timers)
                                                   switchP2_interrupt
           ENTRY                   ADDRESS         REF BY
           =====                   =======         ======
           _A_PAIE_L               021A 
           LOCAL                   ADDRESS         
           =====                   =======         
           PAIE                    021A 
           PAIE_H                  021B 
           PAIE_L                  021A 
    -------------------------------------------------------------------------
DATA16_AN
  Relative segment, address: 021C - 021D (0x2 bytes), align: 0
  Segment part 2. ROOT        Intra module refs:   Init_Port_2 (ports)
                                                   switchP2_interrupt
           ENTRY                   ADDRESS         REF BY
           =====                   =======         ======
           _A_PAIFG_L              021C 
           LOCAL                   ADDRESS         
           =====                   =======         
           PAIFG                   021C 
           PAIFG_H                 021D 
           PAIFG_L                 021C 
    -------------------------------------------------------------------------
DATA16_AN
  Relative segment, address: 023A - 023B (0x2 bytes), align: 0
  Segment part 3. ROOT        Intra module refs:   Init_Port_4 (ports)
                                                   TIMER0_B1_ISR (interrupt_timers)
                                                   switchP4_interrupt
           ENTRY                   ADDRESS         REF BY
           =====                   =======         ======
           _A_PBIE_L               023A 
           LOCAL                   ADDRESS         
           =====                   =======         
           PBIE                    023A 
           PBIE_H                  023B 
           PBIE_L                  023A 
    -------------------------------------------------------------------------
DATA16_AN
  Relative segment, address: 023C - 023D (0x2 bytes), align: 0
  Segment part 4. ROOT        Intra module refs:   Init_Port_4 (ports)
                                                   switchP4_interrupt
           ENTRY                   ADDRESS         REF BY
           =====                   =======         ======
           _A_PBIFG_L              023C 
           LOCAL                   ADDRESS         
           =====                   =======         
           PBIFG                   023C 
           PBIFG_H                 023D 
           PBIFG_L                 023C 
    -------------------------------------------------------------------------
DATA16_AN
  Relative segment, address: 0242 - 0243 (0x2 bytes), align: 0
  Segment part 5. ROOT        Intra module refs:   Init_Port_5 (ports)
                                                   Init_Port_6 (ports)
                                                   Timer0_B0_ISR (interrupt_timers)
                                                   switchP2_interrupt
                                                   switchP4_interrupt
           ENTRY                   ADDRESS         REF BY
           =====                   =======         ======
           _A_PCOUT_L              0242 
           LOCAL                   ADDRESS         
           =====                   =======         
           PCOUT                   0242 
           PCOUT_H                 0243 
           PCOUT_L                 0242 
    -------------------------------------------------------------------------
DATA16_AN
  Relative segment, address: 0382 - 0383 (0x2 bytes), align: 0
  Segment part 6. ROOT        Intra module refs:   Init_Timer_B0 (timers)
                                                   TIMER0_B1_ISR (interrupt_timers)
                                                   switchP2_interrupt
                                                   switchP4_interrupt
           ENTRY                   ADDRESS         REF BY
           =====                   =======         ======
           _A_TB0CCTL0_L           0382 
           LOCAL                   ADDRESS         
           =====                   =======         
           TB0CCTL0                0382 
           TB0CCTL0_H              0383 
           TB0CCTL0_L              0382 
    -------------------------------------------------------------------------
DATA16_AN
  Relative segment, address: 0384 - 0385 (0x2 bytes), align: 0
  Segment part 7. ROOT        Intra module refs:   Init_Timer_B0 (timers)
                                                   TIMER0_B1_ISR (interrupt_timers)
                                                   switchP2_interrupt
                                                   switchP4_interrupt
           ENTRY                   ADDRESS         REF BY
           =====                   =======         ======
           _A_TB0CCTL1_L           0384 
           LOCAL                   ADDRESS         
           =====                   =======         
           TB0CCTL1                0384 
           TB0CCTL1_H              0385 
           TB0CCTL1_L              0384 
    -------------------------------------------------------------------------
DATA16_Z
  Relative segment, address: 2034 - 2035 (0x2 bytes), align: 1
  Segment part 11.            Intra module refs:   switchP4_interrupt
           ENTRY                   ADDRESS         REF BY
           =====                   =======         ======
           switch_one_debouncing   2034            TIMER0_B1_ISR (interrupt_timers)
    -------------------------------------------------------------------------
DATA16_Z
  Relative segment, address: 2036 - 2037 (0x2 bytes), align: 1
  Segment part 12.            Intra module refs:   switchP4_interrupt
           ENTRY                   ADDRESS         REF BY
           =====                   =======         ======
           switch_one_debounce_count
                                   2036            TIMER0_B1_ISR (interrupt_timers)
    -------------------------------------------------------------------------
DATA16_Z
  Relative segment, address: 2038 - 2039 (0x2 bytes), align: 1
  Segment part 13.            Intra module refs:   switchP2_interrupt
           ENTRY                   ADDRESS         REF BY
           =====                   =======         ======
           switch_two_debouncing   2038            TIMER0_B1_ISR (interrupt_timers)
    -------------------------------------------------------------------------
DATA16_Z
  Relative segment, address: 203A - 203B (0x2 bytes), align: 1
  Segment part 14.            Intra module refs:   switchP2_interrupt
           ENTRY                   ADDRESS         REF BY
           =====                   =======         ======
           switch_two_debounce_count
                                   203A            TIMER0_B1_ISR (interrupt_timers)
    -------------------------------------------------------------------------
ISR_CODE
  Relative segment, address: 80A0 - 80CF (0x30 bytes), align: 1
  Segment part 15.            Intra module refs:   switchP4_interrupt::??INTVEC 44
           ENTRY                   ADDRESS         REF BY
           =====                   =======         ======
           switchP4_interrupt      80A0 
               interrupt function
    -------------------------------------------------------------------------
ISR_CODE
  Relative segment, address: 80D0 - 80FF (0x30 bytes), align: 1
  Segment part 16.            Intra module refs:   switchP2_interrupt::??INTVEC 48
           ENTRY                   ADDRESS         REF BY
           =====                   =======         ======
           switchP2_interrupt      80D0 
               interrupt function
    -------------------------------------------------------------------------
INTVEC
  Common segment, address: FFA2 - FFCF (0x2e bytes), align: 1
  Segment part 8. ROOT 
           ENTRY                   ADDRESS         REF BY
           =====                   =======         ======
           switchP4_interrupt::??INTVEC 44
                                   FFCE 
    -------------------------------------------------------------------------
INTVEC
  Common segment, address: FFA2 - FFD3 (0x32 bytes), align: 1
  Segment part 9. ROOT 
           ENTRY                   ADDRESS         REF BY
           =====                   =======         ======
           switchP2_interrupt::??INTVEC 48
                                   FFD2 
    -------------------------------------------------------------------------
CSTACK
  Segment part 10. NOT NEEDED.
    -------------------------------------------------------------------------
CODE
  Segment part 17. TENTATIVE. Used definition from adc
           ENTRY                   ADDRESS         REF BY
           =====                   =======         ======
           ?setjmp_save_r4         
    -------------------------------------------------------------------------
CODE
  Segment part 18. TENTATIVE. Used definition from adc
           ENTRY                   ADDRESS         REF BY
           =====                   =======         ======
           ?setjmp_save_r5         

    *************************************************************************

  FILE NAME : C:\Users\19196\OneDrive\Documents\ECE 306 current\Homework_06\Debug\Obj\interrupt_timers.r43
  PROGRAM MODULE, NAME : interrupt_timers

  SEGMENTS IN THE MODULE
  ======================
DATA16_AN
  Segment part 1. TENTATIVE. Used definition from interrupt_ports
           ENTRY                   ADDRESS         REF BY
           =====                   =======         ======
           _A_PAIE_L               
           LOCAL                   ADDRESS         
           =====                   =======         
           PAIE                    021A 
           PAIE_H                  021B 
           PAIE_L                  021A 
    -------------------------------------------------------------------------
DATA16_AN
  Segment part 2. TENTATIVE. Used definition from interrupt_ports
           ENTRY                   ADDRESS         REF BY
           =====                   =======         ======
           _A_PBIE_L               
           LOCAL                   ADDRESS         
           =====                   =======         
           PBIE                    023A 
           PBIE_H                  023B 
           PBIE_L                  023A 
    -------------------------------------------------------------------------
DATA16_AN
  Segment part 3. TENTATIVE. Used definition from interrupt_ports
           ENTRY                   ADDRESS         REF BY
           =====                   =======         ======
           _A_PCOUT_L              
           LOCAL                   ADDRESS         
           =====                   =======         
           PCOUT                   0242 
           PCOUT_H                 0243 
           PCOUT_L                 0242 
    -------------------------------------------------------------------------
DATA16_AN
  Segment part 4. TENTATIVE. Used definition from interrupt_ports
           ENTRY                   ADDRESS         REF BY
           =====                   =======         ======
           _A_TB0CCTL0_L           
           LOCAL                   ADDRESS         
           =====                   =======         
           TB0CCTL0                0382 
           TB0CCTL0_H              0383 
           TB0CCTL0_L              0382 
    -------------------------------------------------------------------------
DATA16_AN
  Segment part 5. TENTATIVE. Used definition from interrupt_ports
           ENTRY                   ADDRESS         REF BY
           =====                   =======         ======
           _A_TB0CCTL1_L           
           LOCAL                   ADDRESS         
           =====                   =======         
           TB0CCTL1                0384 
           TB0CCTL1_H              0385 
           TB0CCTL1_L              0384 
    -------------------------------------------------------------------------
DATA16_AN
  Relative segment, address: 0392 - 0393 (0x2 bytes), align: 0
  Segment part 6. ROOT        Intra module refs:   Init_Timer_B0 (timers)
                                                   Timer0_B0_ISR
           ENTRY                   ADDRESS         REF BY
           =====                   =======         ======
           _A_TB0CCR0_L            0392 
           LOCAL                   ADDRESS         
           =====                   =======         
           TB0CCR0                 0392 
           TB0CCR0_H               0393 
           TB0CCR0_L               0392 
    -------------------------------------------------------------------------
DATA16_AN
  Relative segment, address: 0394 - 0395 (0x2 bytes), align: 0
  Segment part 7. ROOT        Intra module refs:   Init_Timer_B0 (timers)
                                                   TIMER0_B1_ISR
           ENTRY                   ADDRESS         REF BY
           =====                   =======         ======
           _A_TB0CCR1_L            0394 
           LOCAL                   ADDRESS         
           =====                   =======         
           TB0CCR1                 0394 
           TB0CCR1_H               0395 
           TB0CCR1_L               0394 
    -------------------------------------------------------------------------
DATA16_AN
  Relative segment, address: 0396 - 0397 (0x2 bytes), align: 0
  Segment part 8. ROOT        Intra module refs:   Init_Timer_B0 (timers)
                                                   TIMER0_B1_ISR
           ENTRY                   ADDRESS         REF BY
           =====                   =======         ======
           _A_TB0CCR2_L            0396 
           LOCAL                   ADDRESS         
           =====                   =======         
           TB0CCR2                 0396 
           TB0CCR2_H               0397 
           TB0CCR2_L               0396 
    -------------------------------------------------------------------------
DATA16_AN
  Relative segment, address: 03AE - 03AF (0x2 bytes), align: 0
  Segment part 9. ROOT        Intra module refs:   TIMER0_B1_ISR
           ENTRY                   ADDRESS         REF BY
           =====                   =======         ======
           _A_TB0IV_L              03AE 
           LOCAL                   ADDRESS         
           =====                   =======         
           TB0IV                   03AE 
           TB0IV_H                 03AF 
           TB0IV_L                 03AE 
    -------------------------------------------------------------------------
DATA16_Z
  Relative segment, address: 203C - 203D (0x2 bytes), align: 1
  Segment part 13.            Intra module refs:   TIMER0_B1_ISR
           ENTRY                   ADDRESS         REF BY
           =====                   =======         ======
           display_update_count    203C 
    -------------------------------------------------------------------------
DATA16_Z
  Relative segment, address: 203E - 203F (0x2 bytes), align: 1
  Segment part 14.            Intra module refs:   Timer0_B0_ISR
           ENTRY                   ADDRESS         REF BY
           =====                   =======         ======
           timerB0_interrupt_count
                                   203E 
    -------------------------------------------------------------------------
ISR_CODE
  Relative segment, address: 8100 - 812D (0x2e bytes), align: 1
  Segment part 15.            Intra module refs:   Timer0_B0_ISR::??INTVEC 86
           ENTRY                   ADDRESS         REF BY
           =====                   =======         ======
           Timer0_B0_ISR           8100 
               interrupt function
    -------------------------------------------------------------------------
ISR_CODE
  Relative segment, address: 812E - 81F1 (0xc4 bytes), align: 1
  Segment part 16.            Intra module refs:   TIMER0_B1_ISR::??INTVEC 84
           ENTRY                   ADDRESS         REF BY
           =====                   =======         ======
           TIMER0_B1_ISR           812E 
               interrupt function
    -------------------------------------------------------------------------
INTVEC
  Common segment, address: FFA2 - FFF7 (0x56 bytes), align: 1
  Segment part 10. ROOT 
           ENTRY                   ADDRESS         REF BY
           =====                   =======         ======
           TIMER0_B1_ISR::??INTVEC 84
                                   FFF6 
    -------------------------------------------------------------------------
INTVEC
  Common segment, address: FFA2 - FFF9 (0x58 bytes), align: 1
  Segment part 11. ROOT 
           ENTRY                   ADDRESS         REF BY
           =====                   =======         ======
           Timer0_B0_ISR::??INTVEC 86
                                   FFF8 
    -------------------------------------------------------------------------
CSTACK
  Segment part 12. NOT NEEDED.
    -------------------------------------------------------------------------
CODE
  Segment part 17. TENTATIVE. Used definition from adc
           ENTRY                   ADDRESS         REF BY
           =====                   =======         ======
           ?setjmp_save_r4         
    -------------------------------------------------------------------------
CODE
  Segment part 18. TENTATIVE. Used definition from adc
           ENTRY                   ADDRESS         REF BY
           =====                   =======         ======
           ?setjmp_save_r5         

    *************************************************************************

  FILE NAME : C:\Users\19196\OneDrive\Documents\ECE 306 current\Homework_06\Debug\Obj\interrupts_adc.r43
  PROGRAM MODULE, NAME : interrupts_adc

  SEGMENTS IN THE MODULE
  ======================
DATA16_AN
  Segment part 1. TENTATIVE. Used definition from adc
           ENTRY                   ADDRESS         REF BY
           =====                   =======         ======
           _A_ADCCTL0_L            
           LOCAL                   ADDRESS         
           =====                   =======         
           ADCCTL0                 0700 
           ADCCTL0_H               0701 
           ADCCTL0_L               0700 
    -------------------------------------------------------------------------
DATA16_AN
  Segment part 2. TENTATIVE. Used definition from adc
           ENTRY                   ADDRESS         REF BY
           =====                   =======         ======
           _A_ADCMCTL0_L           
           LOCAL                   ADDRESS         
           =====                   =======         
           ADCMCTL0                070A 
           ADCMCTL0_H              070B 
           ADCMCTL0_L              070A 
    -------------------------------------------------------------------------
DATA16_AN
  Relative segment, address: 0712 - 0713 (0x2 bytes), align: 0
  Segment part 3. ROOT        Intra module refs:   ADC_ISR
           ENTRY                   ADDRESS         REF BY
           =====                   =======         ======
           _A_ADCMEM0_L            0712 
           LOCAL                   ADDRESS         
           =====                   =======         
           ADCMEM0                 0712 
           ADCMEM0_H               0713 
           ADCMEM0_L               0712 
    -------------------------------------------------------------------------
DATA16_AN
  Relative segment, address: 071E - 071F (0x2 bytes), align: 0
  Segment part 4. ROOT        Intra module refs:   ADC_ISR
           ENTRY                   ADDRESS         REF BY
           =====                   =======         ======
           _A_ADCIV_L              071E 
           LOCAL                   ADDRESS         
           =====                   =======         
           ADCIV                   071E 
           ADCIV_H                 071F 
           ADCIV_L                 071E 
    -------------------------------------------------------------------------
DATA16_AN
  Relative segment, address: 0222 - 0223 (0x2 bytes), align: 0
  Segment part 5. ROOT        Intra module refs:   ADC_ISR
                                                   Init_Port_3 (ports)
                                                   Init_Port_4 (ports)
                                                   spi_chipselect_active (LCD)
                                                   spi_chipselect_idle (LCD)
                                                   spi_reset_active (LCD)
                                                   spi_reset_idle (LCD)
           ENTRY                   ADDRESS         REF BY
           =====                   =======         ======
           _A_PBOUT_L              0222 
           LOCAL                   ADDRESS         
           =====                   =======         
           PBOUT                   0222 
           PBOUT_H                 0223 
           PBOUT_L                 0222 
    -------------------------------------------------------------------------
DATA16_Z
  Segment part 8. NOT NEEDED.
           ENTRY                   ADDRESS         REF BY
           =====                   =======         ======
           ADC_Cal                 
    -------------------------------------------------------------------------
ISR_CODE
  Relative segment, address: 81F2 - 835B (0x16a bytes), align: 1
  Segment part 10.            Intra module refs:   ADC_ISR::??INTVEC 58
           ENTRY                   ADDRESS         REF BY
           =====                   =======         ======
           ADC_ISR                 81F2 
               interrupt function
               calls direct
    -------------------------------------------------------------------------
<CODE> 1 (was CODE)
  Relative segment, address: 8D22 - 8D59 (0x38 bytes), align: 1
  Segment part 9.             Intra module refs:   ADC_ISR
           ENTRY                   ADDRESS         REF BY
           =====                   =======         ======
           convert_to_mA           8D22 
               calls direct
    -------------------------------------------------------------------------
INTVEC
  Common segment, address: FFA2 - FFDD (0x3c bytes), align: 1
  Segment part 6. ROOT 
           ENTRY                   ADDRESS         REF BY
           =====                   =======         ======
           ADC_ISR::??INTVEC 58    FFDC 
    -------------------------------------------------------------------------
CSTACK
  Segment part 7. NOT NEEDED.
    -------------------------------------------------------------------------
CODE
  Segment part 11. TENTATIVE. Used definition from adc
           ENTRY                   ADDRESS         REF BY
           =====                   =======         ======
           ?setjmp_save_r4         
    -------------------------------------------------------------------------
CODE
  Segment part 12. TENTATIVE. Used definition from adc
           ENTRY                   ADDRESS         REF BY
           =====                   =======         ======
           ?setjmp_save_r5         

    *************************************************************************

  FILE NAME : C:\Users\19196\OneDrive\Documents\ECE 306 current\Homework_06\Debug\Obj\LCD.r43
  PROGRAM MODULE, NAME : LCD

  SEGMENTS IN THE MODULE
  ======================
DATA16_AN
  Segment part 1. TENTATIVE. Used definition from interrupts_adc
           ENTRY                   ADDRESS         REF BY
           =====                   =======         ======
           _A_PBOUT_L              
           LOCAL                   ADDRESS         
           =====                   =======         
           PBOUT                   0222 
           PBOUT_H                 0223 
           PBOUT_L                 0222 
    -------------------------------------------------------------------------
DATA16_AN
  Relative segment, address: 0386 - 0387 (0x2 bytes), align: 0
  Segment part 2. ROOT        Intra module refs:   Init_Timer_B0 (timers)
           ENTRY                   ADDRESS         REF BY
           =====                   =======         ======
           _A_TB0CCTL2_L           0386 
           LOCAL                   ADDRESS         
           =====                   =======         
           TB0CCTL2                0386 
           TB0CCTL2_H              0387 
           TB0CCTL2_L              0386 
    -------------------------------------------------------------------------
DATA16_AN
  Segment part 3. TENTATIVE. Used definition from interrupt_timers
           ENTRY                   ADDRESS         REF BY
           =====                   =======         ======
           _A_TB0CCR2_L            
           LOCAL                   ADDRESS         
           =====                   =======         
           TB0CCR2                 0396 
           TB0CCR2_H               0397 
           TB0CCR2_L               0396 
    -------------------------------------------------------------------------
DATA16_AN
  Relative segment, address: 05C0 - 05C1 (0x2 bytes), align: 0
  Segment part 4. ROOT        Intra module refs:   Init_SPI_B1
           ENTRY                   ADDRESS         REF BY
           =====                   =======         ======
           _A_UCB1CTLW0_L          05C0 
           LOCAL                   ADDRESS         
           =====                   =======         
           UCB1CTLW0               05C0 
           UCB1CTLW0_H             05C1 
           UCB1CTLW0_L             05C0 
    -------------------------------------------------------------------------
DATA16_AN
  Relative segment, address: 05C6 - 05C7 (0x2 bytes), align: 0
  Segment part 5. ROOT        Intra module refs:   Init_SPI_B1
           ENTRY                   ADDRESS         REF BY
           =====                   =======         ======
           _A_UCB1BRW_L            05C6 
           LOCAL                   ADDRESS         
           =====                   =======         
           UCB1BRW                 05C6 
           UCB1BRW_H               05C7 
           UCB1BRW_L               05C6 
    -------------------------------------------------------------------------
DATA16_AN
  Relative segment, address: 05CC - 05CD (0x2 bytes), align: 0
  Segment part 6. ROOT        Intra module refs:   SPI_B1_write
           ENTRY                   ADDRESS         REF BY
           =====                   =======         ======
           _A_UCB1RXBUF_L          05CC 
           LOCAL                   ADDRESS         
           =====                   =======         
           UCB1RXBUF               05CC 
           UCB1RXBUF_H             05CD 
           UCB1RXBUF_L             05CC 
    -------------------------------------------------------------------------
DATA16_AN
  Relative segment, address: 05CE - 05CF (0x2 bytes), align: 0
  Segment part 7. ROOT        Intra module refs:   SPI_B1_write
           ENTRY                   ADDRESS         REF BY
           =====                   =======         ======
           _A_UCB1TXBUF_L          05CE 
           LOCAL                   ADDRESS         
           =====                   =======         
           UCB1TXBUF               05CE 
           UCB1TXBUF_H             05CF 
           UCB1TXBUF_L             05CE 
    -------------------------------------------------------------------------
DATA16_AN
  Relative segment, address: 05EC - 05ED (0x2 bytes), align: 0
  Segment part 8. ROOT        Intra module refs:   SPI_B1_write
           ENTRY                   ADDRESS         REF BY
           =====                   =======         ======
           _A_UCB1IFG_L            05EC 
           LOCAL                   ADDRESS         
           =====                   =======         
           UCB1IFG                 05EC 
           UCB1IFG_H               05ED 
           UCB1IFG_L               05EC 
    -------------------------------------------------------------------------
DATA16_Z
  Relative segment, address: 2053 - 2053 (0x1 bytes), align: 0
  Segment part 10.            Intra module refs:   SPI_B1_write
           ENTRY                   ADDRESS         REF BY
           =====                   =======         ======
           current_character       2053 
    -------------------------------------------------------------------------
DATA16_Z
  Relative segment, address: 2040 - 2041 (0x2 bytes), align: 1
  Segment part 11.
           ENTRY                   ADDRESS         REF BY
           =====                   =======         ======
           update_display_count    2040            Init_Conditions (init)
    -------------------------------------------------------------------------
DATA16_Z
  Segment part 12. NOT NEEDED.
           ENTRY                   ADDRESS         REF BY
           =====                   =======         ======
           display_update_time     
    -------------------------------------------------------------------------
DATA16_Z
  Relative segment, address: 2054 - 2054 (0x1 bytes), align: 0
  Segment part 13.
           ENTRY                   ADDRESS         REF BY
           =====                   =======         ======
           update_display          2054            Init_Conditions (init)
                                                   TIMER0_B1_ISR (interrupt_timers)
                                                   main (main)
    -------------------------------------------------------------------------
DATA16_Z
  Relative segment, address: 2055 - 2055 (0x1 bytes), align: 0
  Segment part 14.            Intra module refs:   ClrDisplay
                                                   DisplayOnOff
           ENTRY                   ADDRESS         REF BY
           =====                   =======         ======
           display_changed         2055            TIMER0_B1_ISR (interrupt_timers)
                                                   main (main)
    -------------------------------------------------------------------------
DATA16_Z
  Segment part 15. NOT NEEDED.
           ENTRY                   ADDRESS         REF BY
           =====                   =======         ======
           lcd_control             
    -------------------------------------------------------------------------
DATA16_Z
  Relative segment, address: 2056 - 2081 (0x2c bytes), align: 0
  Segment part 16.            Intra module refs:   ClrDisplay_Buffer_0
                                                   ClrDisplay_Buffer_1
                                                   ClrDisplay_Buffer_2
                                                   ClrDisplay_Buffer_3
                                                   Display_Update
                                                   update_string
           ENTRY                   ADDRESS         REF BY
           =====                   =======         ======
           display_line            2056            Init_Conditions (init)
                                                   adc_line4 (adc)
                                                   main (main)
    -------------------------------------------------------------------------
DATA16_Z
  Relative segment, address: 2042 - 2049 (0x8 bytes), align: 1
  Segment part 17.
           ENTRY                   ADDRESS         REF BY
           =====                   =======         ======
           display                 2042            Init_Conditions (init)
    -------------------------------------------------------------------------
DATA16_Z
  Segment part 18. NOT NEEDED.
           ENTRY                   ADDRESS         REF BY
           =====                   =======         ======
           posi_L1                 
    -------------------------------------------------------------------------
DATA16_Z
  Segment part 19. NOT NEEDED.
           ENTRY                   ADDRESS         REF BY
           =====                   =======         ======
           posi_L2                 
    -------------------------------------------------------------------------
DATA16_Z
  Segment part 20. NOT NEEDED.
           ENTRY                   ADDRESS         REF BY
           =====                   =======         ======
           posi_L3                 
    -------------------------------------------------------------------------
DATA16_Z
  Segment part 21. NOT NEEDED.
           ENTRY                   ADDRESS         REF BY
           =====                   =======         ======
           posi_L4                 
    -------------------------------------------------------------------------
DATA16_Z
  Segment part 22. NOT NEEDED.
           ENTRY                   ADDRESS         REF BY
           =====                   =======         ======
           char_count              
    -------------------------------------------------------------------------
DATA16_Z
  Segment part 23. NOT NEEDED.
           ENTRY                   ADDRESS         REF BY
           =====                   =======         ======
           current_line            
    -------------------------------------------------------------------------
CODE
  Segment part 40. NOT NEEDED.
           ENTRY                   ADDRESS         REF BY
           =====                   =======         ======
           LCD_test                
               calls direct
    -------------------------------------------------------------------------
<CODE> 1 (was CODE)
  Relative segment, address: 8F0E - 8F1F (0x12 bytes), align: 1
  Segment part 24.            Intra module refs:   Init_LCD
                                                   WriteData
                                                   WriteIns
           ENTRY                   ADDRESS         REF BY
           =====                   =======         ======
           spi_chipselect_idle     8F0E 
    -------------------------------------------------------------------------
<CODE> 1 (was CODE)
  Relative segment, address: 8F40 - 8F4B (0xc bytes), align: 1
  Segment part 26.            Intra module refs:   WriteData
                                                   WriteIns
           ENTRY                   ADDRESS         REF BY
           =====                   =======         ======
           spi_chipselect_active   8F40 
    -------------------------------------------------------------------------
<CODE> 1 (was CODE)
  Relative segment, address: 8F58 - 8F5D (0x6 bytes), align: 1
  Segment part 35.            Intra module refs:   Init_LCD
           ENTRY                   ADDRESS         REF BY
           =====                   =======         ======
           spi_reset_idle          8F58 
    -------------------------------------------------------------------------
<CODE> 1 (was CODE)
  Relative segment, address: 8F4C - 8F51 (0x6 bytes), align: 1
  Segment part 34.            Intra module refs:   Init_LCD
           ENTRY                   ADDRESS         REF BY
           =====                   =======         ======
           spi_reset_active        8F4C 
    -------------------------------------------------------------------------
CODE
  Segment part 44. NOT NEEDED.
           ENTRY                   ADDRESS         REF BY
           =====                   =======         ======
           Display_Process         
               calls direct
    -------------------------------------------------------------------------
<CODE> 1 (was CODE)
  Relative segment, address: 8C9E - 8CE3 (0x46 bytes), align: 1
  Segment part 43.
           ENTRY                   ADDRESS         REF BY
           =====                   =======         ======
           Display_Update          8C9E            main (main)
               calls direct
    -------------------------------------------------------------------------
CODE
  Segment part 45. NOT NEEDED.
           ENTRY                   ADDRESS         REF BY
           =====                   =======         ======
           enable_display_update   
    -------------------------------------------------------------------------
<CODE> 1 (was CODE)
  Relative segment, address: 8E08 - 8E23 (0x1c bytes), align: 1
  Segment part 46.
           ENTRY                   ADDRESS         REF BY
           =====                   =======         ======
           update_string           8E08            main (main)
    -------------------------------------------------------------------------
<CODE> 1 (was CODE)
  Relative segment, address: 86AA - 8745 (0x9c bytes), align: 1
  Segment part 37.
           ENTRY                   ADDRESS         REF BY
           =====                   =======         ======
           Init_LCD                86AA            main (main)
               calls direct
    -------------------------------------------------------------------------
CODE
  Segment part 38. NOT NEEDED.
           ENTRY                   ADDRESS         REF BY
           =====                   =======         ======
           lcd_4line               
               calls direct
    -------------------------------------------------------------------------
CODE
  Segment part 39. NOT NEEDED.
           ENTRY                   ADDRESS         REF BY
           =====                   =======         ======
           lcd_BIG_mid             
               calls direct
    -------------------------------------------------------------------------
<CODE> 1 (was CODE)
  Relative segment, address: 8DAA - 8DCD (0x24 bytes), align: 1
  Segment part 42.            Intra module refs:   Display_Update
           ENTRY                   ADDRESS         REF BY
           =====                   =======         ======
           lcd_out                 8DAA 
               calls direct
    -------------------------------------------------------------------------
CODE
  Segment part 47. NOT NEEDED.
           ENTRY                   ADDRESS         REF BY
           =====                   =======         ======
           lcd_puts                
               calls direct
    -------------------------------------------------------------------------
<CODE> 1 (was CODE)
  Relative segment, address: 8D82 - 8DA9 (0x28 bytes), align: 1
  Segment part 27.            Intra module refs:   DisplayOnOff
                                                   Init_LCD
                                                   lcd_out
           ENTRY                   ADDRESS         REF BY
           =====                   =======         ======
           WriteIns                8D82 
               calls direct
    -------------------------------------------------------------------------
<CODE> 1 (was CODE)
  Relative segment, address: 8D5A - 8D81 (0x28 bytes), align: 1
  Segment part 41.            Intra module refs:   lcd_out
           ENTRY                   ADDRESS         REF BY
           =====                   =======         ======
           WriteData               8D5A 
               calls direct
    -------------------------------------------------------------------------
CODE
  Segment part 48. NOT NEEDED.
           ENTRY                   ADDRESS         REF BY
           =====                   =======         ======
           CheckBusy               
    -------------------------------------------------------------------------
<CODE> 1 (was CODE)
  Relative segment, address: 8E5A - 8E6F (0x16 bytes), align: 1
  Segment part 33.            Intra module refs:   Init_LCD
           ENTRY                   ADDRESS         REF BY
           =====                   =======         ======
           ClrDisplay              8E5A 
               calls direct
    -------------------------------------------------------------------------
<CODE> 1 (was CODE)
  Relative segment, address: 8E70 - 8E83 (0x14 bytes), align: 1
  Segment part 32.            Intra module refs:   ClrDisplay
           ENTRY                   ADDRESS         REF BY
           =====                   =======         ======
           ClrDisplay_Buffer_0     8E70 
    -------------------------------------------------------------------------
<CODE> 1 (was CODE)
  Relative segment, address: 8ED4 - 8EE7 (0x14 bytes), align: 1
  Segment part 31.            Intra module refs:   ClrDisplay
           ENTRY                   ADDRESS         REF BY
           =====                   =======         ======
           ClrDisplay_Buffer_1     8ED4 
    -------------------------------------------------------------------------
<CODE> 1 (was CODE)
  Relative segment, address: 8EAC - 8EBF (0x14 bytes), align: 1
  Segment part 30.            Intra module refs:   ClrDisplay
           ENTRY                   ADDRESS         REF BY
           =====                   =======         ======
           ClrDisplay_Buffer_2     8EAC 
    -------------------------------------------------------------------------
<CODE> 1 (was CODE)
  Relative segment, address: 8E98 - 8EAB (0x14 bytes), align: 1
  Segment part 29.            Intra module refs:   ClrDisplay
           ENTRY                   ADDRESS         REF BY
           =====                   =======         ======
           ClrDisplay_Buffer_3     8E98 
    -------------------------------------------------------------------------
CODE
  Segment part 49. NOT NEEDED.
           ENTRY                   ADDRESS         REF BY
           =====                   =======         ======
           SetPostion              
               calls direct
    -------------------------------------------------------------------------
<CODE> 1 (was CODE)
  Relative segment, address: 8E84 - 8E97 (0x14 bytes), align: 1
  Segment part 28.            Intra module refs:   Init_LCD
           ENTRY                   ADDRESS         REF BY
           =====                   =======         ======
           DisplayOnOff            8E84 
               calls direct
    -------------------------------------------------------------------------
<CODE> 1 (was CODE)
  Relative segment, address: 8CE4 - 8D21 (0x3e bytes), align: 1
  Segment part 36.            Intra module refs:   Init_LCD
           ENTRY                   ADDRESS         REF BY
           =====                   =======         ======
           Init_SPI_B1             8CE4 
    -------------------------------------------------------------------------
<CODE> 1 (was CODE)
  Relative segment, address: 8E24 - 8E3F (0x1c bytes), align: 1
  Segment part 25.            Intra module refs:   WriteData
                                                   WriteIns
           ENTRY                   ADDRESS         REF BY
           =====                   =======         ======
           SPI_B1_write            8E24 
    -------------------------------------------------------------------------
CSTACK
  Segment part 9. NOT NEEDED.
    -------------------------------------------------------------------------
CODE
  Segment part 50. TENTATIVE. Used definition from adc
           ENTRY                   ADDRESS         REF BY
           =====                   =======         ======
           ?setjmp_save_r4         
    -------------------------------------------------------------------------
CODE
  Segment part 51. TENTATIVE. Used definition from adc
[...]
           ENTRY                   ADDRESS         REF BY
           =====                   =======         ======
           ?ShiftRight32u_9        8DF8 
    -------------------------------------------------------------------------
<CODE> 1 (was CODE)
  Relative segment, address: 8DFC - 8E07 (0xc bytes), align: 1
  Segment part 6.             Intra module refs:   ?ShiftRight32u_9
           ENTRY                   ADDRESS         REF BY
           =====                   =======         ======
           ?ShiftRight32u_8        8DFC 

    -------------------------------------------------------------------------
  LIBRARY MODULE, NAME : ?memcpy

  SEGMENTS IN THE MODULE
  ======================
<CODE> 1 (was CODE)
  Relative segment, address: 8EFC - 8F0D (0x12 bytes), align: 1
  Segment part 2.
           ENTRY                   ADDRESS         REF BY
           =====                   =======         ======
           memcpy                  8EFC            __data16_memcpy (?memzero)
    -------------------------------------------------------------------------
CSTACK
  Segment part 1. NOT NEEDED.

    -------------------------------------------------------------------------
  LIBRARY MODULE, NAME : ?memmove

  SEGMENTS IN THE MODULE
  ======================
CODE
  Segment part 2. NOT NEEDED.
           ENTRY                   ADDRESS         REF BY
           =====                   =======         ======
           memmove                 
    -------------------------------------------------------------------------
CSTACK
  Segment part 1. NOT NEEDED.

    -------------------------------------------------------------------------
  LIBRARY MODULE, NAME : ?memzero

  SEGMENTS IN THE MODULE
  ======================
<CODE> 1 (was CODE)
  Relative segment, address: 8F20 - 8F2F (0x10 bytes), align: 1
  Segment part 2.
           ENTRY                   ADDRESS         REF BY
           =====                   =======         ======
           __data16_memzero        8F20            ?cstart_init_zero (?cstart)
    -------------------------------------------------------------------------
<CODE> 1 (was CODE)
  Relative segment, address: 8F68 - 8F6B (0x4 bytes), align: 1
  Segment part 3.
           ENTRY                   ADDRESS         REF BY
           =====                   =======         ======
           __data16_memcpy         8F68            ?cstart_init_copy (?cstart)
               calls direct
    -------------------------------------------------------------------------
CODE
  Segment part 4. NOT NEEDED.
           ENTRY                   ADDRESS         REF BY
           =====                   =======         ======
           __data16_memmove        
               calls direct
    -------------------------------------------------------------------------
CSTACK
  Segment part 1. NOT NEEDED.

    -------------------------------------------------------------------------
  LIBRARY MODULE, NAME : ?MpuInit

  SEGMENTS IN THE MODULE
  ======================
MPU_B1
  Segment part 0. NOT NEEDED.
    -------------------------------------------------------------------------
MPU_B2
  Segment part 1. NOT NEEDED.
    -------------------------------------------------------------------------
CODE
  Segment part 2. NOT NEEDED.
           ENTRY                   ADDRESS         REF BY
           =====                   =======         ======
           __iar_430_mpu_init      
    -------------------------------------------------------------------------
CODE
  Segment part 3. NOT NEEDED.
           ENTRY                   ADDRESS         REF BY
           =====                   =======         ======
           ?mpu1_4k_init           
    -------------------------------------------------------------------------
CODE
  Segment part 4. NOT NEEDED.
           ENTRY                   ADDRESS         REF BY
           =====                   =======         ======
           ?mpu1_8k_init           
    -------------------------------------------------------------------------
CODE
  Segment part 5. NOT NEEDED.
           ENTRY                   ADDRESS         REF BY
           =====                   =======         ======
           ?mpu1_16k_init          
    -------------------------------------------------------------------------
CODE
  Segment part 6. NOT NEEDED.
           ENTRY                   ADDRESS         REF BY
           =====                   =======         ======
           ?mpu2_init              
    -------------------------------------------------------------------------
MPU_B1
  Segment part 7. NOT NEEDED.
    -------------------------------------------------------------------------
MPU_B2
  Segment part 8. NOT NEEDED.
    -------------------------------------------------------------------------
MPU_B1
  Segment part 9. NOT NEEDED.
    -------------------------------------------------------------------------
MPU_B2
  Segment part 10. NOT NEEDED.
    -------------------------------------------------------------------------
MPU_B1
  Segment part 11. NOT NEEDED.
    -------------------------------------------------------------------------
MPU_B2
  Segment part 12. NOT NEEDED.
    -------------------------------------------------------------------------
MPU_B1
  Segment part 13. NOT NEEDED.
    -------------------------------------------------------------------------
MPU_B2
  Segment part 14. NOT NEEDED.
    -------------------------------------------------------------------------
CODE_PAD
  Segment part 15. NOT NEEDED.

    -------------------------------------------------------------------------
  LIBRARY MODULE, NAME : ?setjmp

  SEGMENTS IN THE MODULE
  ======================
CODE
  Segment part 0. NOT NEEDED.
           ENTRY                   ADDRESS         REF BY
           =====                   =======         ======
           setjmp                  
    -------------------------------------------------------------------------
CODE
  Segment part 1. NOT NEEDED.
           ENTRY                   ADDRESS         REF BY
           =====                   =======         ======
           ?setjmp_r5              
    -------------------------------------------------------------------------
CODE
  Segment part 2. NOT NEEDED.
           ENTRY                   ADDRESS         REF BY
           =====                   =======         ======
           ?setjmp_r4              
    -------------------------------------------------------------------------
CODE
  Segment part 3. NOT NEEDED.
           ENTRY                   ADDRESS         REF BY
           =====                   =======         ======
           ?setjmp_end             

    -------------------------------------------------------------------------
  LIBRARY MODULE, NAME : ?longjmp

  SEGMENTS IN THE MODULE
  ======================
CODE
  Segment part 0. NOT NEEDED.
           ENTRY                   ADDRESS         REF BY
           =====                   =======         ======
           longjmp                 
    -------------------------------------------------------------------------
CODE
  Segment part 1. NOT NEEDED.
           ENTRY                   ADDRESS         REF BY
           =====                   =======         ======
           ?longjmp_r5             
    -------------------------------------------------------------------------
CODE
  Segment part 2. NOT NEEDED.
           ENTRY                   ADDRESS         REF BY
           =====                   =======         ======
           ?longjmp_r4             
    -------------------------------------------------------------------------
CODE
  Segment part 3. NOT NEEDED.
           ENTRY                   ADDRESS         REF BY
           =====                   =======         ======
           ?longjmp_end            

    -------------------------------------------------------------------------
  LIBRARY MODULE, NAME : ?IndCallR11

  SEGMENTS IN THE MODULE
  ======================
CODE
  Segment part 0. NOT NEEDED.
           ENTRY                   ADDRESS         REF BY
           =====                   =======         ======
           ?IndCallR11             

    -------------------------------------------------------------------------
  LIBRARY MODULE, NAME : ?IndCallR15

  SEGMENTS IN THE MODULE
  ======================
CODE
  Segment part 0. NOT NEEDED.
           ENTRY                   ADDRESS         REF BY
           =====                   =======         ======
           ?IndCallR15             

    -------------------------------------------------------------------------
  LIBRARY MODULE, NAME : ?strcpy

  SEGMENTS IN THE MODULE
  ======================
<CODE> 1 (was CODE)
  Relative segment, address: 8F30 - 8F3F (0x10 bytes), align: 1
  Segment part 2.
           ENTRY                   ADDRESS         REF BY
           =====                   =======         ======
           strcpy                  8F30            main (main)
    -------------------------------------------------------------------------
CSTACK
  Segment part 1. NOT NEEDED.

    -------------------------------------------------------------------------
  LIBRARY MODULE, NAME : ?xcloseall

  SEGMENTS IN THE MODULE
  ======================
CODE
  Segment part 2. NOT NEEDED.
           ENTRY                   ADDRESS         REF BY
           =====                   =======         ======
           _Close_all              
               calls direct
    -------------------------------------------------------------------------
CSTACK
  Segment part 1. NOT NEEDED.

    -------------------------------------------------------------------------
  LIBRARY MODULE, NAME : ?xgetmemchunk

  SEGMENTS IN THE MODULE
  ======================
CODE
  Segment part 3. NOT NEEDED.
           ENTRY                   ADDRESS         REF BY
           =====                   =======         ======
           __data16_GetMemChunk    
    -------------------------------------------------------------------------
DATA16_Z
  Segment part 2. NOT NEEDED.
    -------------------------------------------------------------------------
CSTACK
  Segment part 1. NOT NEEDED.
    -------------------------------------------------------------------------
DATA16_HEAP
  Segment part 4. NOT NEEDED.

    -------------------------------------------------------------------------
  LIBRARY MODULE, NAME : ?xxmemxfree

  SEGMENTS IN THE MODULE
  ======================
CODE
  Segment part 2. NOT NEEDED.
           ENTRY                   ADDRESS         REF BY
           =====                   =======         ======
           __data16_free           
    -------------------------------------------------------------------------
CSTACK
  Segment part 1. NOT NEEDED.

    -------------------------------------------------------------------------
  LIBRARY MODULE, NAME : ?xxmemxmalloc

  SEGMENTS IN THE MODULE
  ======================
DATA16_Z
  Segment part 2. NOT NEEDED.
           ENTRY                   ADDRESS         REF BY
           =====                   =======         ======
           __data16_Aldata         
    -------------------------------------------------------------------------
CODE
  Segment part 3. NOT NEEDED.
           LOCAL                   ADDRESS         
           =====                   =======         
           __data16_findmem        
               calls direct
    -------------------------------------------------------------------------
CODE
  Segment part 4. NOT NEEDED.
           ENTRY                   ADDRESS         REF BY
           =====                   =======         ======
           __data16_malloc         
               calls direct
    -------------------------------------------------------------------------
CSTACK
  Segment part 1. NOT NEEDED.




                ****************************************
                *                                      *
                *            MODULE SUMMARY            *
                *                                      *
                ****************************************

Module               CODE      DATA      CONST
------               ----      ----      -----
                    (Rel)  (Rel)  (Abs)  (Rel)
?ShiftRight32u_8n      28
?__dbg_break            2
?__exit                20
?_exit                  4
?cstart                40
?exit                   4
?memcpy                18
?memzero               20
?reset_vector           2
?strcpy                16
DAC                   114      2     14
  + common             54
LCD                   624     57     10
  + shared                            2
adc                   296     53      6
  + shared                            4
clocks                320            18
  + shared                            2
init                   94
interrupt_ports        96      8
  + shared             50            14
  + common
interrupt_timers      242      4      2
  + shared             88             6
  + common
interrupts_adc        418             4
  + shared             60             2
  + common
led
  + shared                            2
main                  628      3           100
ports                 782            26
system                  6
timers                 80             4
wheels                         7
N/A (command line)           160
N/A (alignment)
----------          -----    ---    ---    ---
Total:              3 854    294    116    100
  + common             88

                ****************************************
                *                                      *
                *             STACK USAGE              *
                *                                      *
                ****************************************

  Call Graph Root Category  Max Use  Total Use
  ------------------------  -------  ---------
  interrupt                     24         48
  Program entry                 36         36


Program entry
  "__program_start": 0x00008066

  Maximum call chain                               36  bytes

    "__program_start"                               0
    "main"                                          4
    "Display_Update"                               12
    "lcd_out"                                      12
    "WriteIns"                                      4
    "spi_chipselect_active"                         4

interrupt
  "SAC3_ISR": 0x0000808e

  Maximum call chain                                6  bytes

    "SAC3_ISR"                                      6

interrupt
  "switchP4_interrupt": 0x000080a0

  Maximum call chain                                4  bytes

    "switchP4_interrupt"                            4

interrupt
  "switchP2_interrupt": 0x000080d0

  Maximum call chain                                4  bytes

    "switchP2_interrupt"                            4

interrupt
  "Timer0_B0_ISR": 0x00008100

  Maximum call chain                                4  bytes

    "Timer0_B0_ISR"                                 4

interrupt
  "TIMER0_B1_ISR": 0x0000812e

  Maximum call chain                                6  bytes

    "TIMER0_B1_ISR"                                 6

interrupt
  "ADC_ISR": 0x000081f2

  Maximum call chain                               24  bytes

    "ADC_ISR"                                      16
    "convert_to_mA"                                 4
    "?ShiftRight32u_12"                             0
    "?ShiftRight32u_11"                             0
    "?ShiftRight32u_10"                             0
    "?ShiftRight32u_9"                              0
    "?ShiftRight32u_8"                              4




                ****************************************
                *                                      *
                *      SEGMENTS IN ADDRESS ORDER       *
                *                                      *
                ****************************************


SEGMENT              SPACE    START ADDRESS   END ADDRESS     SIZE  TYPE  ALIGN
=======              =====    =============   ===========     ====  ====  =====
DATA16_AN                              0102 - 0103               2   rel    0
                                       0120 - 0121               2 
                                       0124 - 0125               2 
                                       0130 - 0131               2 
                                       0180 - 018B               C 
                                       018E - 018F               2 
                                       01CC - 01CD               2 
                                       0202 - 0207               6 
                                       020A - 020D               4 
                                       0218 - 021D               6 
                                       0222 - 0227               6 
                                       022A - 022D               4 
                                       0238 - 023D               6 
                                       0242 - 0245               4 
                                       024A - 024D               4 
                                       0380 - 0387               8 
                                       0392 - 0397               6 
                                       03A0 - 03A1               2 
                                       03AE - 03AF               2 
                                       05C0 - 05C1               2 
                                       05C6 - 05C7               2 
                                       05CC - 05CF               4 
                                       05EC - 05ED               2 
                                       0700 - 0705               6 
                                       070A - 070B               2 
                                       0712 - 0713               2 
                                       071A - 071B               2 
                                       071E - 071F               2 
                                       0C8A - 0C8B               2 
                                       0CB0 - 0CB7               8 
DATA16_I                               2000 - 2000               1   rel    1
DATA16_Z                               2002 - 2086              85   rel    1
CODE_I                                    2088                       rel    1
DATA20_I                                  2088                       rel    1
DATA20_Z                                  2088                       rel    1
DATA20_N                                  2088                       rel    1
CSTACK                                 2F60 - 2FFF              A0   rel    1
DATA16_C                               8000 - 8062              63   rel    0
DATA16_ID                              8064 - 8064               1   rel    1
DATA20_C                                  8066                       rel    1
DATA20_ID                                 8066                       rel    1
CSTART                                 8066 - 808D              28   rel    1
ISR_CODE                               808E - 835B             2CE   rel    1
CODE_ID                                   835C                       rel    1
<CODE> 1                               835C - 8F71             C16   rel    1
INTVEC                                 FFA2 - FFF9              58   com    1
RESET                                  FFFE - FFFF               2   rel    1

                ****************************************
                *                                      *
                *        END OF CROSS REFERENCE        *
                *                                      *
                ****************************************

 3 942 bytes of CODE  memory
   294 bytes of DATA  memory (+ 116 absolute )
   100 bytes of CONST memory

Errors: none
Warnings: none

