###############################################################################
#
# IAR C/C++ Compiler V7.20.1.997/W32 for MSP430           12/Aug/2020  15:13:52
# Copyright 1996-2020 IAR Systems AB.
# PC-locked license - IAR Embedded Workbench for MSP430, 8K KickStart Edition 7.20
#
#    __rt_version  =  3
#    __double_size =  32
#    __reg_r4      =  free
#    __reg_r5      =  free
#    __pic         =  no
#    __core        =  430X
#    __data_model  =  small
#    __code_model  =  large
#    Source file   =  
#        C:\Users\19196\OneDrive\Documents\ECE 306 current\Homework_01\Homework
#        01\Homework 01\system.c
#    Command line  =  
#        -f C:\Users\19196\AppData\Local\Temp\EW4974.tmp
#        ("C:\Users\19196\OneDrive\Documents\ECE 306
#        current\Homework_01\Homework 01\Homework 01\system.c" -lC
#        "C:\Users\19196\OneDrive\Documents\ECE 306
#        current\Homework_01\Homework 01\Homework 01\Debug\List" -o
#        "C:\Users\19196\OneDrive\Documents\ECE 306
#        current\Homework_01\Homework 01\Homework 01\Debug\Obj" --no_cse
#        --no_unroll --no_inline --no_code_motion --no_tbaa --debug
#        -D__MSP430FR2355__ -e --double=32 --dlib_config "C:\Program Files
#        (x86)\IAR Systems\Embedded Workbench 8.4\430\lib\dlib\dl430xlsfn.h" -I
#        "C:\Program Files (x86)\IAR Systems\Embedded Workbench 8.4\430\"
#        --core=430X --data_model=small -On --multiplier=32
#        --hw_workaround=CPU40 --code_model=large)
#    Locale        =  English_USA.1252
#    List file     =  
#        C:\Users\19196\OneDrive\Documents\ECE 306 current\Homework_01\Homework
#        01\Homework 01\Debug\List\system.lst
#    Object file   =  
#        C:\Users\19196\OneDrive\Documents\ECE 306 current\Homework_01\Homework
#        01\Homework 01\Debug\Obj\system.r43
#
###############################################################################

C:\Users\19196\OneDrive\Documents\ECE 306 current\Homework_01\Homework 01\Homework 01\system.c
      1          //------------------------------------------------------------------------------
      2          //
      3          //  Description: This file contains the System Controls
      4          //
      5          //
      6          //  Jim Carlson
      7          //  Aug 2017
      8          //  Built with IAR Embedded Workbench Version: V7.10.2 (8.0.6.4651)
      9          //------------------------------------------------------------------------------
     10          #include  "msp430.h"
     11          #include  "functions.h"
     12          //------------------------------------------------------------------------------
     13          // System Configurations
     14          
     15          // Tells the compiler to provide the value in reg as an input to an 
     16          // inline assembly block.  Even though the block contains no instructions,
     17          // the compiler may not optimize it away, and is told that the value
     18          // may change and should not be relied upon.
     19          
     20          //inline void enable_interrupts(void) __attribute__((always_inline));

   \                                 In  segment CODE, align 2
     21          void enable_interrupts(void){
   \                     enable_interrupts:
     22            __bis_SR_register(GIE);     // enable interrupts
   \   000000   0343         NOP
   \   000002   32D2         BIS.W   #0x8, SR
     23          //  asm volatile ("eint \n");
     24          }
   \   000004   1001         RETA
     25          
     26          

   Maximum stack usage in bytes:

   CSTACK Function
   ------ --------
      4   enable_interrupts


   Segment part sizes:

   Bytes  Function/Label
   -----  --------------
       6  enable_interrupts

 
 6 bytes in segment CODE
 
 6 bytes of CODE memory

Errors: none
Warnings: none
